Archive member included because of file (symbol)

c:/program files (x86)/gnu tools arm embedded/4.8 2013q4/bin/../lib/gcc/arm-none-eabi/4.8.3/../../../../arm-none-eabi/lib/armv7-m\libm.a(lib_a-s_sin.o)
                              ..\obj\main.o (sin)
c:/program files (x86)/gnu tools arm embedded/4.8 2013q4/bin/../lib/gcc/arm-none-eabi/4.8.3/../../../../arm-none-eabi/lib/armv7-m\libm.a(lib_a-wf_pow.o)
                              ..\obj\main.o (powf)
c:/program files (x86)/gnu tools arm embedded/4.8 2013q4/bin/../lib/gcc/arm-none-eabi/4.8.3/../../../../arm-none-eabi/lib/armv7-m\libm.a(lib_a-wf_sqrt.o)
                              ..\obj\main.o (sqrtf)
c:/program files (x86)/gnu tools arm embedded/4.8 2013q4/bin/../lib/gcc/arm-none-eabi/4.8.3/../../../../arm-none-eabi/lib/armv7-m\libm.a(lib_a-e_rem_pio2.o)
                              c:/program files (x86)/gnu tools arm embedded/4.8 2013q4/bin/../lib/gcc/arm-none-eabi/4.8.3/../../../../arm-none-eabi/lib/armv7-m\libm.a(lib_a-s_sin.o) (__ieee754_rem_pio2)
c:/program files (x86)/gnu tools arm embedded/4.8 2013q4/bin/../lib/gcc/arm-none-eabi/4.8.3/../../../../arm-none-eabi/lib/armv7-m\libm.a(lib_a-ef_pow.o)
                              c:/program files (x86)/gnu tools arm embedded/4.8 2013q4/bin/../lib/gcc/arm-none-eabi/4.8.3/../../../../arm-none-eabi/lib/armv7-m\libm.a(lib_a-wf_pow.o) (__ieee754_powf)
c:/program files (x86)/gnu tools arm embedded/4.8 2013q4/bin/../lib/gcc/arm-none-eabi/4.8.3/../../../../arm-none-eabi/lib/armv7-m\libm.a(lib_a-ef_sqrt.o)
                              c:/program files (x86)/gnu tools arm embedded/4.8 2013q4/bin/../lib/gcc/arm-none-eabi/4.8.3/../../../../arm-none-eabi/lib/armv7-m\libm.a(lib_a-wf_sqrt.o) (__ieee754_sqrtf)
c:/program files (x86)/gnu tools arm embedded/4.8 2013q4/bin/../lib/gcc/arm-none-eabi/4.8.3/../../../../arm-none-eabi/lib/armv7-m\libm.a(lib_a-k_cos.o)
                              c:/program files (x86)/gnu tools arm embedded/4.8 2013q4/bin/../lib/gcc/arm-none-eabi/4.8.3/../../../../arm-none-eabi/lib/armv7-m\libm.a(lib_a-s_sin.o) (__kernel_cos)
c:/program files (x86)/gnu tools arm embedded/4.8 2013q4/bin/../lib/gcc/arm-none-eabi/4.8.3/../../../../arm-none-eabi/lib/armv7-m\libm.a(lib_a-k_rem_pio2.o)
                              c:/program files (x86)/gnu tools arm embedded/4.8 2013q4/bin/../lib/gcc/arm-none-eabi/4.8.3/../../../../arm-none-eabi/lib/armv7-m\libm.a(lib_a-e_rem_pio2.o) (__kernel_rem_pio2)
c:/program files (x86)/gnu tools arm embedded/4.8 2013q4/bin/../lib/gcc/arm-none-eabi/4.8.3/../../../../arm-none-eabi/lib/armv7-m\libm.a(lib_a-k_sin.o)
                              c:/program files (x86)/gnu tools arm embedded/4.8 2013q4/bin/../lib/gcc/arm-none-eabi/4.8.3/../../../../arm-none-eabi/lib/armv7-m\libm.a(lib_a-s_sin.o) (__kernel_sin)
c:/program files (x86)/gnu tools arm embedded/4.8 2013q4/bin/../lib/gcc/arm-none-eabi/4.8.3/../../../../arm-none-eabi/lib/armv7-m\libm.a(lib_a-s_fabs.o)
                              c:/program files (x86)/gnu tools arm embedded/4.8 2013q4/bin/../lib/gcc/arm-none-eabi/4.8.3/../../../../arm-none-eabi/lib/armv7-m\libm.a(lib_a-e_rem_pio2.o) (fabs)
c:/program files (x86)/gnu tools arm embedded/4.8 2013q4/bin/../lib/gcc/arm-none-eabi/4.8.3/../../../../arm-none-eabi/lib/armv7-m\libm.a(lib_a-s_floor.o)
                              c:/program files (x86)/gnu tools arm embedded/4.8 2013q4/bin/../lib/gcc/arm-none-eabi/4.8.3/../../../../arm-none-eabi/lib/armv7-m\libm.a(lib_a-k_rem_pio2.o) (floor)
c:/program files (x86)/gnu tools arm embedded/4.8 2013q4/bin/../lib/gcc/arm-none-eabi/4.8.3/../../../../arm-none-eabi/lib/armv7-m\libm.a(lib_a-s_lib_ver.o)
                              c:/program files (x86)/gnu tools arm embedded/4.8 2013q4/bin/../lib/gcc/arm-none-eabi/4.8.3/../../../../arm-none-eabi/lib/armv7-m\libm.a(lib_a-wf_pow.o) (__fdlib_version)
c:/program files (x86)/gnu tools arm embedded/4.8 2013q4/bin/../lib/gcc/arm-none-eabi/4.8.3/../../../../arm-none-eabi/lib/armv7-m\libm.a(lib_a-s_matherr.o)
                              c:/program files (x86)/gnu tools arm embedded/4.8 2013q4/bin/../lib/gcc/arm-none-eabi/4.8.3/../../../../arm-none-eabi/lib/armv7-m\libm.a(lib_a-wf_pow.o) (matherr)
c:/program files (x86)/gnu tools arm embedded/4.8 2013q4/bin/../lib/gcc/arm-none-eabi/4.8.3/../../../../arm-none-eabi/lib/armv7-m\libm.a(lib_a-s_rint.o)
                              c:/program files (x86)/gnu tools arm embedded/4.8 2013q4/bin/../lib/gcc/arm-none-eabi/4.8.3/../../../../arm-none-eabi/lib/armv7-m\libm.a(lib_a-wf_pow.o) (rint)
c:/program files (x86)/gnu tools arm embedded/4.8 2013q4/bin/../lib/gcc/arm-none-eabi/4.8.3/../../../../arm-none-eabi/lib/armv7-m\libm.a(lib_a-s_scalbn.o)
                              c:/program files (x86)/gnu tools arm embedded/4.8 2013q4/bin/../lib/gcc/arm-none-eabi/4.8.3/../../../../arm-none-eabi/lib/armv7-m\libm.a(lib_a-k_rem_pio2.o) (scalbn)
[...]
Memory Configuration

Name             Origin             Length             Attributes
rom              0x08000000         0x00020000         xr
ram              0x20000000         0x00005000         xrw
*default*        0x00000000         0xffffffff

Linker script and memory map

LOAD c:/program files (x86)/gnu tools arm embedded/4.8 2013q4/bin/../lib/gcc/arm-none-eabi/4.8.3/armv7-m/crti.o
LOAD c:/program files (x86)/gnu tools arm embedded/4.8 2013q4/bin/../lib/gcc/arm-none-eabi/4.8.3/armv7-m/crtbegin.o
LOAD c:/program files (x86)/gnu tools arm embedded/4.8 2013q4/bin/../lib/gcc/arm-none-eabi/4.8.3/../../../../arm-none-eabi/lib/armv7-m/crt0.o
                0x20005000                _eram = 0x20005000

.text           0x08000000     0xbd98
 *(.isr_vector)
 .isr_vector    0x08000000      0x10c ..\obj\startup_stm32f10x_md.o
                0x08000000                g_pfnVectors
 *(.text*)
 .text          0x0800010c       0x54 c:/program files (x86)/gnu tools arm embedded/4.8 2013q4/bin/../lib/gcc/arm-none-eabi/4.8.3/armv7-m/crtbegin.o
 .text.SystemInit
                0x08000160       0x68 ..\obj\system_stm32f10x.o
                0x08000160                SystemInit
 .text.SetSysClock
                0x080001c8        0xc ..\obj\system_stm32f10x.o
 .text.SetSysClockTo72
                0x080001d4      0x100 ..\obj\system_stm32f10x.o
 .text.Default_Reset_Handler
                0x080002d4       0x60 ..\obj\startup_stm32f10x_md.o
                0x080002d4                Default_Reset_Handler
                0x080002d4                Reset_Handler
 .text.Default_Handler
                0x08000334        0x8 ..\obj\startup_stm32f10x_md.o
                0x08000334                EXTI2_IRQHandler
                0x08000334                DebugMon_Handler
                0x08000334                TIM1_CC_IRQHandler
                0x08000334                HardFault_Handler
                0x08000334                PVD_IRQHandler
                0x08000334                PendSV_Handler
                0x08000334                NMI_Handler
                0x08000334                EXTI0_IRQHandler
                0x08000334                I2C2_EV_IRQHandler
                0x08000334                UsageFault_Handler
                0x08000334                TAMPER_IRQHandler
                0x08000334                USART3_IRQHandler
                0x08000334                RTC_IRQHandler
                0x08000334                DMA1_Channel7_IRQHandler
                0x08000334                CAN1_RX1_IRQHandler
                0x08000334                TIM4_IRQHandler
                0x08000334                I2C1_EV_IRQHandler
                0x08000334                DMA1_Channel6_IRQHandler
                0x08000334                TIM3_IRQHandler
                0x08000334                RCC_IRQHandler
                0x08000334                TIM1_TRG_COM_IRQHandler
                0x08000334                DMA1_Channel1_IRQHandler
                0x08000334                SPI2_IRQHandler
                0x08000334                MemManage_Handler
                0x08000334                SVC_Handler
                0x08000334                DMA1_Channel5_IRQHandler
                0x08000334                USB_LP_CAN1_RX0_IRQHandler
                0x08000334                USB_HP_CAN1_TX_IRQHandler
                0x08000334                DMA1_Channel3_IRQHandler
                0x08000334                TIM1_UP_IRQHandler
                0x08000334                WWDG_IRQHandler
                0x08000334                TIM2_IRQHandler
                0x08000334                TIM1_BRK_IRQHandler
                0x08000334                EXTI1_IRQHandler
                0x08000334                RTCAlarm_IRQHandler
                0x08000334                I2C2_ER_IRQHandler
                0x08000334                DMA1_Channel2_IRQHandler
                0x08000334                CAN1_SCE_IRQHandler
                0x08000334                FLASH_IRQHandler
                0x08000334                BusFault_Handler
                0x08000334                I2C1_ER_IRQHandler
                0x08000334                USBWakeUp_IRQHandler
 .text.GPIO_Init
                0x0800033c      0x178 ..\obj\stm32f10x_gpio.o
                0x0800033c                GPIO_Init
 .text.GPIO_PinRemapConfig
                0x080004b4       0xe0 ..\obj\stm32f10x_gpio.o
                0x080004b4                GPIO_PinRemapConfig
 .text.GPIO_EXTILineConfig
                0x08000594       0x7c ..\obj\stm32f10x_gpio.o
                0x08000594                GPIO_EXTILineConfig
 .text.NVIC_EnableIRQ
                0x08000610       0x30 ..\obj\main.o
 .text.NVIC_SetPriority
                0x08000640       0x54 ..\obj\main.o
 .text.SysTick_Config
                0x08000694       0x44 ..\obj\main.o
 .text.init_RCC
                0x080006d8       0x2c ..\obj\main.o
                0x080006d8                init_RCC
 .text.Delay    0x08000704       0x28 ..\obj\main.o
                0x08000704                Delay
 .text.SysTick_Handler
                0x0800072c       0xa8 ..\obj\main.o
                0x0800072c                SysTick_Handler
 .text.init_EXT
                0x080007d4       0x40 ..\obj\main.o
                0x080007d4                init_EXT
 .text.EXTI4_IRQHandler
                0x08000814       0x20 ..\obj\main.o
                0x08000814                EXTI4_IRQHandler
 .text.EXTI3_IRQHandler
                0x08000834       0x20 ..\obj\main.o
                0x08000834                EXTI3_IRQHandler
 .text.EXTI9_5_IRQHandler
                0x08000854       0x8c ..\obj\main.o
                0x08000854                EXTI9_5_IRQHandler
 .text.EXTI15_10_IRQHandler
                0x080008e0       0xa8 ..\obj\main.o
                0x080008e0                EXTI15_10_IRQHandler
 .text.init_GPIO
                0x08000988      0x148 ..\obj\main.o
                0x08000988                init_GPIO
 .text.init_ADC
                0x08000ad0       0xc8 ..\obj\main.o
                0x08000ad0                init_ADC
 .text.ADC1_2_IRQHandler
                0x08000b98       0x34 ..\obj\main.o
                0x08000b98                ADC1_2_IRQHandler
 .text.ADC      0x08000bcc       0x40 ..\obj\main.o
                0x08000bcc                ADC
 .text.init_USART1
                0x08000c0c       0xb0 ..\obj\main.o
                0x08000c0c                init_USART1
 .text.DMA_UART_Send
                0x08000cbc       0x90 ..\obj\main.o
                0x08000cbc                DMA_UART_Send
 .text.DMA1_Channel4_IRQHandler
                0x08000d4c       0x54 ..\obj\main.o
                0x08000d4c                DMA1_Channel4_IRQHandler
 .text.init_USART2
                0x08000da0       0xa0 ..\obj\main.o
                0x08000da0                init_USART2
 .text.delay_us
                0x08000e40       0x28 ..\obj\main.o
                0x08000e40                delay_us
 .text.UART_DMA_TX
                0x08000e68       0x50 ..\obj\main.o
                0x08000e68                UART_DMA_TX
 .text.Transf   0x08000eb8       0x88 ..\obj\main.o
                0x08000eb8                Transf
 .text.ZTransf  0x08000f40       0x84 ..\obj\main.o
                0x08000f40                ZTransf
 .text.init_SPI2
                0x08000fc4       0x9c ..\obj\main.o
                0x08000fc4                init_SPI2
 .text.SPI1_IRQHandler
                0x08001060       0x28 ..\obj\main.o
                0x08001060                SPI1_IRQHandler
 .text.SPI2_Send
                0x08001088       0x50 ..\obj\main.o
                0x08001088                SPI2_Send
 .text.USART1_IRQHandler
                0x080010d8       0x6c ..\obj\main.o
                0x080010d8                USART1_IRQHandler
 .text.USART2_IRQHandler
                0x08001144       0x6c ..\obj\main.o
                0x08001144                USART2_IRQHandler
 .text.leng     0x080011b0       0x34 ..\obj\main.o
                0x080011b0                leng
 .text.getchar1
                0x080011e4       0x48 ..\obj\main.o
                0x080011e4                getchar1
 .text.reverse  0x0800122c       0x58 ..\obj\main.o
                0x0800122c                reverse
 .text.itoa     0x08001284       0x8c ..\obj\main.o
                0x08001284                itoa
 .text.u_out    0x08001310       0x34 ..\obj\main.o
                0x08001310                u_out
 .text.un_out   0x08001344       0x2c ..\obj\main.o
                0x08001344                un_out
 .text.x_out    0x08001370       0x38 ..\obj\main.o
                0x08001370                x_out
 .text.Massiv_dbm
                0x080013a8      0x3a8 ..\obj\main.o
                0x080013a8                Massiv_dbm
 .text.IO       0x08001750      0xa18 ..\obj\main.o
                0x08001750                IO
 .text.WDG_func
                0x08002168       0x44 ..\obj\main.o
                0x08002168                WDG_func
 .text.UART_conrol
                0x080021ac       0x90 ..\obj\main.o
                0x080021ac                UART_conrol
 .text.LED_control
                0x0800223c      0x1c0 ..\obj\main.o
                0x0800223c                LED_control
 .text.spisend  0x080023fc       0x3c ..\obj\main.o
                0x080023fc                spisend
 .text.Menu1    0x08002438      0x268 ..\obj\main.o
                0x08002438                Menu1
 .text.FPGA_wSPI
                0x080026a0       0xbc ..\obj\main.o
                0x080026a0                FPGA_wSPI
 .text.FPGA_rSPI
                0x0800275c       0xa8 ..\obj\main.o
                0x0800275c                FPGA_rSPI
 .text.test_spi_read
                0x08002804       0x68 ..\obj\main.o
                0x08002804                test_spi_read
 .text.test_spi_write
                0x0800286c       0x74 ..\obj\main.o
                0x0800286c                test_spi_write
 .text.info     0x080028e0        0xc ..\obj\main.o
                0x080028e0                info
 .text.spi_FAPCH_B
                0x080028ec       0x30 ..\obj\main.o
                0x080028ec                spi_FAPCH_B
 .text.spi_FAPCH_A
                0x0800291c       0x3c ..\obj\main.o
                0x0800291c                spi_FAPCH_A
 .text.INIT_REG_FAPCH_B_REF10MHz
                0x08002958      0x430 ..\obj\main.o
                0x08002958                INIT_REG_FAPCH_B_REF10MHz
 .text.INIT_REG_FAPCH_A_REF10MHz_410
                0x08002d88      0x42c ..\obj\main.o
                0x08002d88                INIT_REG_FAPCH_A_REF10MHz_410
 .text.INIT_REG_FAPCH_A_100MHz
                0x080031b4      0x434 ..\obj\main.o
                0x080031b4                INIT_REG_FAPCH_A_100MHz
 .text.FAPCH_B  0x080035e8      0x8cc ..\obj\main.o
                0x080035e8                FAPCH_B
 .text.FAPCH_A  0x08003eb4      0x8cc ..\obj\main.o
                0x08003eb4                FAPCH_A
 .text.init_FAPCH
                0x08004780       0xa0 ..\obj\main.o
                0x08004780                init_FAPCH
 .text.GEN_360  0x08004820       0x18 ..\obj\main.o
                0x08004820                GEN_360
 .text.init_I2C
                0x08004838       0xa8 ..\obj\main.o
                0x08004838                init_I2C
 .text.main     0x080048e0       0x90 ..\obj\main.o
                0x080048e0                main
 .text.RCC_ADCCLKConfig
                0x08004970       0x38 ..\obj\stm32f10x_rcc.o
                0x08004970                RCC_ADCCLKConfig
 .text.RCC_GetClocksFreq
                0x080049a8      0x164 ..\obj\stm32f10x_rcc.o
                0x080049a8                RCC_GetClocksFreq
 .text.RCC_AHBPeriphClockCmd
                0x08004b0c       0x3c ..\obj\stm32f10x_rcc.o
                0x08004b0c                RCC_AHBPeriphClockCmd
 .text.RCC_APB2PeriphClockCmd
                0x08004b48       0x3c ..\obj\stm32f10x_rcc.o
                0x08004b48                RCC_APB2PeriphClockCmd
 .text.RCC_APB1PeriphClockCmd
                0x08004b84       0x3c ..\obj\stm32f10x_rcc.o
                0x08004b84                RCC_APB1PeriphClockCmd
 .text.RCC_APB1PeriphResetCmd
                0x08004bc0       0x3c ..\obj\stm32f10x_rcc.o
                0x08004bc0                RCC_APB1PeriphResetCmd
 .text.EXTI_Init
                0x08004bfc       0xdc ..\obj\stm32f10x_exti.o
                0x08004bfc                EXTI_Init
 .text.EXTI_ClearFlag
                0x08004cd8       0x1c ..\obj\stm32f10x_exti.o
                0x08004cd8                EXTI_ClearFlag
 .text.EXTI_GetITStatus
                0x08004cf4       0x48 ..\obj\stm32f10x_exti.o
                0x08004cf4                EXTI_GetITStatus
 .text.EXTI_ClearITPendingBit
                0x08004d3c       0x1c ..\obj\stm32f10x_exti.o
                0x08004d3c                EXTI_ClearITPendingBit
 .text.ADC_Init
                0x08004d58       0xa4 ..\obj\stm32f10x_adc.o
                0x08004d58                ADC_Init
 .text.ADC_Cmd  0x08004dfc       0x38 ..\obj\stm32f10x_adc.o
                0x08004dfc                ADC_Cmd
 .text.ADC_ITConfig
                0x08004e34       0x44 ..\obj\stm32f10x_adc.o
                0x08004e34                ADC_ITConfig
 .text.ADC_ResetCalibration
                0x08004e78       0x20 ..\obj\stm32f10x_adc.o
                0x08004e78                ADC_ResetCalibration
 .text.ADC_GetResetCalibrationStatus
                0x08004e98       0x30 ..\obj\stm32f10x_adc.o
                0x08004e98                ADC_GetResetCalibrationStatus
 .text.ADC_StartCalibration
                0x08004ec8       0x20 ..\obj\stm32f10x_adc.o
                0x08004ec8                ADC_StartCalibration
 .text.ADC_GetCalibrationStatus
                0x08004ee8       0x30 ..\obj\stm32f10x_adc.o
                0x08004ee8                ADC_GetCalibrationStatus
 .text.ADC_SoftwareStartConvCmd
                0x08004f18       0x38 ..\obj\stm32f10x_adc.o
                0x08004f18                ADC_SoftwareStartConvCmd
 .text.ADC_TempSensorVrefintCmd
                0x08004f50       0x38 ..\obj\stm32f10x_adc.o
                0x08004f50                ADC_TempSensorVrefintCmd
 .text.USART_Init
                0x08004f88      0x174 ..\obj\stm32f10x_usart.o
                0x08004f88                USART_Init
 .text.USART_Cmd
                0x080050fc       0x40 ..\obj\stm32f10x_usart.o
                0x080050fc                USART_Cmd
 .text.USART_ITConfig
                0x0800513c       0x90 ..\obj\stm32f10x_usart.o
                0x0800513c                USART_ITConfig
 .text.USART_DMACmd
                0x080051cc       0x48 ..\obj\stm32f10x_usart.o
                0x080051cc                USART_DMACmd
 .text.USART_ClearFlag
                0x08005214       0x20 ..\obj\stm32f10x_usart.o
                0x08005214                USART_ClearFlag
 .text.USART_GetITStatus
                0x08005234       0xb0 ..\obj\stm32f10x_usart.o
                0x08005234                USART_GetITStatus
 .text.USART_ClearITPendingBit
                0x080052e4       0x38 ..\obj\stm32f10x_usart.o
                0x080052e4                USART_ClearITPendingBit
 .text._sbrk    0x0800531c       0x40 ..\obj\syscalls.o
                0x0800531c                _sbrk
 .text.DMA_DeInit
                0x0800535c      0x178 ..\obj\stm32f10x_dma.o
                0x0800535c                DMA_DeInit
 .text.DMA_Init
                0x080054d4       0x7c ..\obj\stm32f10x_dma.o
                0x080054d4                DMA_Init
 .text.DMA_Cmd  0x08005550       0x38 ..\obj\stm32f10x_dma.o
                0x08005550                DMA_Cmd
 .text.DMA_ITConfig
                0x08005588       0x3c ..\obj\stm32f10x_dma.o
                0x08005588                DMA_ITConfig
 .text.DMA_GetFlagStatus
                0x080055c4       0x54 ..\obj\stm32f10x_dma.o
                0x080055c4                DMA_GetFlagStatus
 .text.DMA_ClearFlag
                0x08005618       0x34 ..\obj\stm32f10x_dma.o
                0x08005618                DMA_ClearFlag
 .text.DMA_ClearITPendingBit
                0x0800564c       0x34 ..\obj\stm32f10x_dma.o
                0x0800564c                DMA_ClearITPendingBit
 .text.SPI_Init
                0x08005680       0x88 ..\obj\stm32f10x_spi.o
                0x08005680                SPI_Init
 .text.SPI_Cmd  0x08005708       0x40 ..\obj\stm32f10x_spi.o
                0x08005708                SPI_Cmd
 .text.SPI_I2S_SendData
                0x08005748       0x1c ..\obj\stm32f10x_spi.o
                0x08005748                SPI_I2S_SendData
 .text.SPI_I2S_ReceiveData
                0x08005764       0x1c ..\obj\stm32f10x_spi.o
                0x08005764                SPI_I2S_ReceiveData
 .text.SPI_NSSInternalSoftwareConfig
                0x08005780       0x44 ..\obj\stm32f10x_spi.o
                0x08005780                SPI_NSSInternalSoftwareConfig
 .text.SPI_I2S_GetFlagStatus
                0x080057c4       0x38 ..\obj\stm32f10x_spi.o
                0x080057c4                SPI_I2S_GetFlagStatus
 .text.I2C_Init
                0x080057fc      0x184 ..\obj\stm32f10x_i2c.o
                0x080057fc                I2C_Init
 .text.I2C_Cmd  0x08005980       0x40 ..\obj\stm32f10x_i2c.o
                0x08005980                I2C_Cmd
 .text.I2C_AcknowledgeConfig
                0x080059c0       0x40 ..\obj\stm32f10x_i2c.o
                0x080059c0                I2C_AcknowledgeConfig
 .text          0x08005a00      0x370 c:/program files (x86)/gnu tools arm embedded/4.8 2013q4/bin/../lib/gcc/arm-none-eabi/4.8.3/armv7-m\libgcc.a(_arm_addsubdf3.o)
                0x08005a00                __aeabi_drsub
                0x08005a08                __aeabi_dsub
                0x08005a08                __subdf3
                0x08005a0c                __aeabi_dadd
                0x08005a0c                __adddf3
                0x08005c84                __floatunsidf
                0x08005c84                __aeabi_ui2d
                0x08005ca4                __floatsidf
                0x08005ca4                __aeabi_i2d
                0x08005cc8                __aeabi_f2d
                0x08005cc8                __extendsfdf2
                0x08005d04                __floatundidf
                0x08005d04                __aeabi_ul2d
                0x08005d14                __floatdidf
                0x08005d14                __aeabi_l2d
 .text          0x08005d70      0x424 c:/program files (x86)/gnu tools arm embedded/4.8 2013q4/bin/../lib/gcc/arm-none-eabi/4.8.3/armv7-m\libgcc.a(_arm_muldivdf3.o)
                0x08005d70                __aeabi_dmul
                0x08005d70                __muldf3
                0x08005fc4                __divdf3
                0x08005fc4                __aeabi_ddiv
 .text          0x08006194      0x110 c:/program files (x86)/gnu tools arm embedded/4.8 2013q4/bin/../lib/gcc/arm-none-eabi/4.8.3/armv7-m\libgcc.a(_arm_cmpdf2.o)
                0x08006194                __gtdf2
                0x08006194                __gedf2
                0x0800619c                __ltdf2
                0x0800619c                __ledf2
                0x080061a4                __nedf2
                0x080061a4                __eqdf2
                0x080061a4                __cmpdf2
                0x08006220                __aeabi_cdrcmple
                0x08006230                __aeabi_cdcmpeq
                0x08006230                __aeabi_cdcmple
                0x08006240                __aeabi_dcmpeq
                0x08006254                __aeabi_dcmplt
                0x08006268                __aeabi_dcmple
                0x0800627c                __aeabi_dcmpge
                0x08006290                __aeabi_dcmpgt
 .text          0x080062a4       0x50 c:/program files (x86)/gnu tools arm embedded/4.8 2013q4/bin/../lib/gcc/arm-none-eabi/4.8.3/armv7-m\libgcc.a(_arm_fixdfsi.o)
                0x080062a4                __aeabi_d2iz
                0x080062a4                __fixdfsi
 .text          0x080062f4       0xa0 c:/program files (x86)/gnu tools arm embedded/4.8 2013q4/bin/../lib/gcc/arm-none-eabi/4.8.3/armv7-m\libgcc.a(_arm_truncdfsf2.o)
                0x080062f4                __truncdfsf2
                0x080062f4                __aeabi_d2f
 .text          0x08006394      0x21c c:/program files (x86)/gnu tools arm embedded/4.8 2013q4/bin/../lib/gcc/arm-none-eabi/4.8.3/armv7-m\libgcc.a(_arm_addsubsf3.o)
                0x08006394                __aeabi_frsub
                0x0800639c                __subsf3
                0x0800639c                __aeabi_fsub
                0x080063a0                __aeabi_fadd
                0x080063a0                __addsf3
                0x08006500                __aeabi_ui2f
                0x08006500                __floatunsisf
                0x08006508                __aeabi_i2f
                0x08006508                __floatsisf
                0x08006524                __aeabi_ul2f
                0x08006524                __floatundisf
                0x08006534                __aeabi_l2f
                0x08006534                __floatdisf
 .text          0x080065b0      0x2a0 c:/program files (x86)/gnu tools arm embedded/4.8 2013q4/bin/../lib/gcc/arm-none-eabi/4.8.3/armv7-m\libgcc.a(_arm_muldivsf3.o)
                0x080065b0                __mulsf3
                0x080065b0                __aeabi_fmul
                0x08006718                __aeabi_fdiv
                0x08006718                __divsf3
 .text          0x08006850       0xec c:/program files (x86)/gnu tools arm embedded/4.8 2013q4/bin/../lib/gcc/arm-none-eabi/4.8.3/armv7-m\libgcc.a(_arm_cmpsf2.o)
                0x08006850                __gesf2
                0x08006850                __gtsf2
                0x08006858                __lesf2
                0x08006858                __ltsf2
                0x08006860                __nesf2
                0x08006860                __eqsf2
                0x08006860                __cmpsf2
                0x080068c0                __aeabi_cfrcmple
                0x080068c8                __aeabi_cfcmpeq
                0x080068c8                __aeabi_cfcmple
                0x080068d8                __aeabi_fcmpeq
                0x080068ec                __aeabi_fcmplt
                0x08006900                __aeabi_fcmple
                0x08006914                __aeabi_fcmpge
                0x08006928                __aeabi_fcmpgt
 .text.atoi     0x0800693c        0x8 c:/program files (x86)/gnu tools arm embedded/4.8 2013q4/bin/../lib/gcc/arm-none-eabi/4.8.3/../../../../arm-none-eabi/lib/armv7-m\libc.a(lib_a-atoi.o)
                0x0800693c                atoi
 .text.memset   0x08006944       0x94 c:/program files (x86)/gnu tools arm embedded/4.8 2013q4/bin/../lib/gcc/arm-none-eabi/4.8.3/../../../../arm-none-eabi/lib/armv7-m\libc.a(lib_a-memset.o)
                0x08006944                memset
 .text.sprintf  0x080069d8       0x4c c:/program files (x86)/gnu tools arm embedded/4.8 2013q4/bin/../lib/gcc/arm-none-eabi/4.8.3/../../../../arm-none-eabi/lib/armv7-m\libc.a(lib_a-sprintf.o)
                0x080069d8                sprintf
 .text          0x08006a24      0x23c c:/program files (x86)/gnu tools arm embedded/4.8 2013q4/bin/../lib/gcc/arm-none-eabi/4.8.3/../../../../arm-none-eabi/lib/armv7-m\libc.a(lib_a-strcmp.o)
                0x08006a24                strcmp
 .text.strlen   0x08006c60       0x60 c:/program files (x86)/gnu tools arm embedded/4.8 2013q4/bin/../lib/gcc/arm-none-eabi/4.8.3/../../../../arm-none-eabi/lib/armv7-m\libc.a(lib_a-strlen.o)
                0x08006c60                strlen
 .text._strtol_r
                0x08006cc0      0x114 c:/program files (x86)/gnu tools arm embedded/4.8 2013q4/bin/../lib/gcc/arm-none-eabi/4.8.3/../../../../arm-none-eabi/lib/armv7-m\libc.a(lib_a-strtol.o)
                0x08006cc0                _strtol_r
 .text.strtol   0x08006dd4       0x18 c:/program files (x86)/gnu tools arm embedded/4.8 2013q4/bin/../lib/gcc/arm-none-eabi/4.8.3/../../../../arm-none-eabi/lib/armv7-m\libc.a(lib_a-strtol.o)
                0x08006dd4                strtol
 .text._svfprintf_r
                0x08006dec     0x14e0 c:/program files (x86)/gnu tools arm embedded/4.8 2013q4/bin/../lib/gcc/arm-none-eabi/4.8.3/../../../../arm-none-eabi/lib/armv7-m\libc.a(lib_a-svfprintf.o)
                0x08006dec                _svfprintf_r
 .text.startup.register_fini
                0x080082cc       0x14 c:/program files (x86)/gnu tools arm embedded/4.8 2013q4/bin/../lib/gcc/arm-none-eabi/4.8.3/../../../../arm-none-eabi/lib/armv7-m\libc.a(lib_a-__call_atexit.o)
 .text.atexit   0x080082e0        0xc c:/program files (x86)/gnu tools arm embedded/4.8 2013q4/bin/../lib/gcc/arm-none-eabi/4.8.3/../../../../arm-none-eabi/lib/armv7-m\libc.a(lib_a-atexit.o)
                0x080082e0                atexit
 .text.quorem   0x080082ec      0x134 c:/program files (x86)/gnu tools arm embedded/4.8 2013q4/bin/../lib/gcc/arm-none-eabi/4.8.3/../../../../arm-none-eabi/lib/armv7-m\libc.a(lib_a-dtoa.o)
 .text._dtoa_r  0x08008420      0xe38 c:/program files (x86)/gnu tools arm embedded/4.8 2013q4/bin/../lib/gcc/arm-none-eabi/4.8.3/../../../../arm-none-eabi/lib/armv7-m\libc.a(lib_a-dtoa.o)
                0x08008420                _dtoa_r
 .text.__libc_fini_array
                0x08009258       0x30 c:/program files (x86)/gnu tools arm embedded/4.8 2013q4/bin/../lib/gcc/arm-none-eabi/4.8.3/../../../../arm-none-eabi/lib/armv7-m\libc.a(lib_a-fini.o)
                0x08009258                __libc_fini_array
 .text._localeconv_r
                0x08009288        0x8 c:/program files (x86)/gnu tools arm embedded/4.8 2013q4/bin/../lib/gcc/arm-none-eabi/4.8.3/../../../../arm-none-eabi/lib/armv7-m\libc.a(lib_a-locale.o)
                0x08009288                _localeconv_r
 .text._malloc_r
                0x08009290      0x538 c:/program files (x86)/gnu tools arm embedded/4.8 2013q4/bin/../lib/gcc/arm-none-eabi/4.8.3/../../../../arm-none-eabi/lib/armv7-m\libc.a(lib_a-mallocr.o)
                0x08009290                _malloc_r
 .text.memchr   0x080097c8       0x94 c:/program files (x86)/gnu tools arm embedded/4.8 2013q4/bin/../lib/gcc/arm-none-eabi/4.8.3/../../../../arm-none-eabi/lib/armv7-m\libc.a(lib_a-memchr-stub.o)
                0x080097c8                memchr
 .text          0x0800985c       0xec c:/program files (x86)/gnu tools arm embedded/4.8 2013q4/bin/../lib/gcc/arm-none-eabi/4.8.3/../../../../arm-none-eabi/lib/armv7-m\libc.a(lib_a-memcpy.o)
                0x0800985c                memcpy
 .text.__malloc_lock
                0x08009948        0x4 c:/program files (x86)/gnu tools arm embedded/4.8 2013q4/bin/../lib/gcc/arm-none-eabi/4.8.3/../../../../arm-none-eabi/lib/armv7-m\libc.a(lib_a-mlock.o)
                0x08009948                __malloc_lock
 .text.__malloc_unlock
                0x0800994c        0x4 c:/program files (x86)/gnu tools arm embedded/4.8 2013q4/bin/../lib/gcc/arm-none-eabi/4.8.3/../../../../arm-none-eabi/lib/armv7-m\libc.a(lib_a-mlock.o)
                0x0800994c                __malloc_unlock
 .text._Balloc  0x08009950       0x4c c:/program files (x86)/gnu tools arm embedded/4.8 2013q4/bin/../lib/gcc/arm-none-eabi/4.8.3/../../../../arm-none-eabi/lib/armv7-m\libc.a(lib_a-mprec.o)
                0x08009950                _Balloc
 .text._Bfree   0x0800999c       0x14 c:/program files (x86)/gnu tools arm embedded/4.8 2013q4/bin/../lib/gcc/arm-none-eabi/4.8.3/../../../../arm-none-eabi/lib/armv7-m\libc.a(lib_a-mprec.o)
                0x0800999c                _Bfree
 .text.__multadd
                0x080099b0       0x94 c:/program files (x86)/gnu tools arm embedded/4.8 2013q4/bin/../lib/gcc/arm-none-eabi/4.8.3/../../../../arm-none-eabi/lib/armv7-m\libc.a(lib_a-mprec.o)
                0x080099b0                __multadd
 .text.__hi0bits
                0x08009a44       0x40 c:/program files (x86)/gnu tools arm embedded/4.8 2013q4/bin/../lib/gcc/arm-none-eabi/4.8.3/../../../../arm-none-eabi/lib/armv7-m\libc.a(lib_a-mprec.o)
                0x08009a44                __hi0bits
 .text.__lo0bits
                0x08009a84       0x5c c:/program files (x86)/gnu tools arm embedded/4.8 2013q4/bin/../lib/gcc/arm-none-eabi/4.8.3/../../../../arm-none-eabi/lib/armv7-m\libc.a(lib_a-mprec.o)
                0x08009a84                __lo0bits
 .text.__i2b    0x08009ae0       0x14 c:/program files (x86)/gnu tools arm embedded/4.8 2013q4/bin/../lib/gcc/arm-none-eabi/4.8.3/../../../../arm-none-eabi/lib/armv7-m\libc.a(lib_a-mprec.o)
                0x08009ae0                __i2b
 .text.__multiply
                0x08009af4      0x13c c:/program files (x86)/gnu tools arm embedded/4.8 2013q4/bin/../lib/gcc/arm-none-eabi/4.8.3/../../../../arm-none-eabi/lib/armv7-m\libc.a(lib_a-mprec.o)
                0x08009af4                __multiply
 .text.__pow5mult
                0x08009c30       0x9c c:/program files (x86)/gnu tools arm embedded/4.8 2013q4/bin/../lib/gcc/arm-none-eabi/4.8.3/../../../../arm-none-eabi/lib/armv7-m\libc.a(lib_a-mprec.o)
                0x08009c30                __pow5mult
 .text.__lshift
                0x08009ccc       0xbc c:/program files (x86)/gnu tools arm embedded/4.8 2013q4/bin/../lib/gcc/arm-none-eabi/4.8.3/../../../../arm-none-eabi/lib/armv7-m\libc.a(lib_a-mprec.o)
                0x08009ccc                __lshift
 .text.__mcmp   0x08009d88       0x48 c:/program files (x86)/gnu tools arm embedded/4.8 2013q4/bin/../lib/gcc/arm-none-eabi/4.8.3/../../../../arm-none-eabi/lib/armv7-m\libc.a(lib_a-mprec.o)
                0x08009d88                __mcmp
 .text.__mdiff  0x08009dd0       0xd8 c:/program files (x86)/gnu tools arm embedded/4.8 2013q4/bin/../lib/gcc/arm-none-eabi/4.8.3/../../../../arm-none-eabi/lib/armv7-m\libc.a(lib_a-mprec.o)
                0x08009dd0                __mdiff
 .text.__d2b    0x08009ea8       0xbc c:/program files (x86)/gnu tools arm embedded/4.8 2013q4/bin/../lib/gcc/arm-none-eabi/4.8.3/../../../../arm-none-eabi/lib/armv7-m\libc.a(lib_a-mprec.o)
                0x08009ea8                __d2b
 .text.__fpclassifyd
                0x08009f64       0x50 c:/program files (x86)/gnu tools arm embedded/4.8 2013q4/bin/../lib/gcc/arm-none-eabi/4.8.3/../../../../arm-none-eabi/lib/armv7-m\libc.a(lib_a-s_fpclassify.o)
                0x08009f64                __fpclassifyd
 .text._sbrk_r  0x08009fb4       0x24 c:/program files (x86)/gnu tools arm embedded/4.8 2013q4/bin/../lib/gcc/arm-none-eabi/4.8.3/../../../../arm-none-eabi/lib/armv7-m\libc.a(lib_a-sbrkr.o)
                0x08009fb4                _sbrk_r
 .text.__ssprint_r
                0x08009fd8      0x100 c:/program files (x86)/gnu tools arm embedded/4.8 2013q4/bin/../lib/gcc/arm-none-eabi/4.8.3/../../../../arm-none-eabi/lib/armv7-m\libc.a(lib_a-svfiprintf.o)
                0x08009fd8                __ssprint_r
 .text.__register_exitproc
                0x0800a0d8       0xa8 c:/program files (x86)/gnu tools arm embedded/4.8 2013q4/bin/../lib/gcc/arm-none-eabi/4.8.3/../../../../arm-none-eabi/lib/armv7-m\libc.a(lib_a-__atexit.o)
                0x0800a0d8                __register_exitproc
 .text._calloc_r
                0x0800a180       0x60 c:/program files (x86)/gnu tools arm embedded/4.8 2013q4/bin/../lib/gcc/arm-none-eabi/4.8.3/../../../../arm-none-eabi/lib/armv7-m\libc.a(lib_a-callocr.o)
                0x0800a180                _calloc_r
 .text._malloc_trim_r
                0x0800a1e0       0x9c c:/program files (x86)/gnu tools arm embedded/4.8 2013q4/bin/../lib/gcc/arm-none-eabi/4.8.3/../../../../arm-none-eabi/lib/armv7-m\libc.a(lib_a-freer.o)
                0x0800a1e0                _malloc_trim_r
 .text._free_r  0x0800a27c      0x198 c:/program files (x86)/gnu tools arm embedded/4.8 2013q4/bin/../lib/gcc/arm-none-eabi/4.8.3/../../../../arm-none-eabi/lib/armv7-m\libc.a(lib_a-freer.o)
                0x0800a27c                _free_r
 .text.memmove  0x0800a414       0xcc c:/program files (x86)/gnu tools arm embedded/4.8 2013q4/bin/../lib/gcc/arm-none-eabi/4.8.3/../../../../arm-none-eabi/lib/armv7-m\libc.a(lib_a-memmove.o)
                0x0800a414                memmove
 .text._realloc_r
                0x0800a4e0      0x3c0 c:/program files (x86)/gnu tools arm embedded/4.8 2013q4/bin/../lib/gcc/arm-none-eabi/4.8.3/../../../../arm-none-eabi/lib/armv7-m\libc.a(lib_a-reallocr.o)
                0x0800a4e0                _realloc_r
 .text          0x0800a8a0       0x2c c:/program files (x86)/gnu tools arm embedded/4.8 2013q4/bin/../lib/gcc/arm-none-eabi/4.8.3/armv7-m\libgcc.a(_aeabi_uldivmod.o)
                0x0800a8a0                __aeabi_uldivmod
 .text          0x0800a8cc       0x60 c:/program files (x86)/gnu tools arm embedded/4.8 2013q4/bin/../lib/gcc/arm-none-eabi/4.8.3/armv7-m\libgcc.a(bpabi.o)
                0x0800a8cc                __gnu_ldivmod_helper
                0x0800a8fc                __gnu_uldivmod_helper
 .text          0x0800a92c        0x4 c:/program files (x86)/gnu tools arm embedded/4.8 2013q4/bin/../lib/gcc/arm-none-eabi/4.8.3/armv7-m\libgcc.a(_dvmd_tls.o)
                0x0800a92c                __aeabi_idiv0
                0x0800a92c                __aeabi_ldiv0
 .text          0x0800a930      0x2a0 c:/program files (x86)/gnu tools arm embedded/4.8 2013q4/bin/../lib/gcc/arm-none-eabi/4.8.3/armv7-m\libgcc.a(_divdi3.o)
                0x0800a930                __divdi3
 .text          0x0800abd0      0x290 c:/program files (x86)/gnu tools arm embedded/4.8 2013q4/bin/../lib/gcc/arm-none-eabi/4.8.3/armv7-m\libgcc.a(_udivdi3.o)
                0x0800abd0                __udivdi3
 *(.init)
 .init          0x0800ae60        0x4 c:/program files (x86)/gnu tools arm embedded/4.8 2013q4/bin/../lib/gcc/arm-none-eabi/4.8.3/armv7-m/crti.o
                0x0800ae60                _init
 .init          0x0800ae64        0x8 c:/program files (x86)/gnu tools arm embedded/4.8 2013q4/bin/../lib/gcc/arm-none-eabi/4.8.3/armv7-m/crtn.o
 *(.fini)
 .fini          0x0800ae6c        0x4 c:/program files (x86)/gnu tools arm embedded/4.8 2013q4/bin/../lib/gcc/arm-none-eabi/4.8.3/armv7-m/crti.o
                0x0800ae6c                _fini
 .fini          0x0800ae70        0x8 c:/program files (x86)/gnu tools arm embedded/4.8 2013q4/bin/../lib/gcc/arm-none-eabi/4.8.3/armv7-m/crtn.o
 *crtbegin.o(.ctors)
 *crtbegin?.o(.ctors)
 *(EXCLUDE_FILE(*crtend.o *crtend?.o) .ctors)
 *(SORT(.ctors.*))
 *(.ctors)
 *crtbegin.o(.dtors)
 *crtbegin?.o(.dtors)
 *(EXCLUDE_FILE(*crtend.o *crtend?.o) .dtors)
 *(SORT(.dtors.*))
 *(.dtors)
 *(.rodata*)
 .rodata        0x0800ae78      0xc98 ..\obj\main.o
 .rodata.str1.4
                0x0800bb10        0x2 c:/program files (x86)/gnu tools arm embedded/4.8 2013q4/bin/../lib/gcc/arm-none-eabi/4.8.3/../../../../arm-none-eabi/lib/armv7-m\libc.a(lib_a-impure.o)
                                  0x4 (size before relaxing)
 *fill*         0x0800bb12        0x2 
 .rodata._global_impure_ptr
                0x0800bb14        0x4 c:/program files (x86)/gnu tools arm embedded/4.8 2013q4/bin/../lib/gcc/arm-none-eabi/4.8.3/../../../../arm-none-eabi/lib/armv7-m\libc.a(lib_a-impure.o)
                0x0800bb14                _global_impure_ptr
 .rodata.blanks.6743
                0x0800bb18       0x10 c:/program files (x86)/gnu tools arm embedded/4.8 2013q4/bin/../lib/gcc/arm-none-eabi/4.8.3/../../../../arm-none-eabi/lib/armv7-m\libc.a(lib_a-svfprintf.o)
 .rodata.str1.4
                0x0800bb28       0x42 c:/program files (x86)/gnu tools arm embedded/4.8 2013q4/bin/../lib/gcc/arm-none-eabi/4.8.3/../../../../arm-none-eabi/lib/armv7-m\libc.a(lib_a-svfprintf.o)
                                 0x44 (size before relaxing)
 *fill*         0x0800bb6a        0x2 
 .rodata.zeroes.6744
                0x0800bb6c       0x10 c:/program files (x86)/gnu tools arm embedded/4.8 2013q4/bin/../lib/gcc/arm-none-eabi/4.8.3/../../../../arm-none-eabi/lib/armv7-m\libc.a(lib_a-svfprintf.o)
 .rodata._ctype_
                0x0800bb7c      0x104 c:/program files (x86)/gnu tools arm embedded/4.8 2013q4/bin/../lib/gcc/arm-none-eabi/4.8.3/../../../../arm-none-eabi/lib/armv7-m\libc.a(lib_a-ctype_.o)
                0x0800bb7c                _ctype_
 .rodata.str1.4
                0x0800bc80       0x10 c:/program files (x86)/gnu tools arm embedded/4.8 2013q4/bin/../lib/gcc/arm-none-eabi/4.8.3/../../../../arm-none-eabi/lib/armv7-m\libc.a(lib_a-dtoa.o)
                                 0x14 (size before relaxing)
 .rodata.str1.4
                0x0800bc90        0xc c:/program files (x86)/gnu tools arm embedded/4.8 2013q4/bin/../lib/gcc/arm-none-eabi/4.8.3/../../../../arm-none-eabi/lib/armv7-m\libc.a(lib_a-locale.o)
                                 0x14 (size before relaxing)
 .rodata.p05.5288
                0x0800bc9c        0xc c:/program files (x86)/gnu tools arm embedded/4.8 2013q4/bin/../lib/gcc/arm-none-eabi/4.8.3/../../../../arm-none-eabi/lib/armv7-m\libc.a(lib_a-mprec.o)
 .rodata.__mprec_tens
                0x0800bca8       0xc8 c:/program files (x86)/gnu tools arm embedded/4.8 2013q4/bin/../lib/gcc/arm-none-eabi/4.8.3/../../../../arm-none-eabi/lib/armv7-m\libc.a(lib_a-mprec.o)
                0x0800bca8                __mprec_tens
 .rodata.__mprec_bigtens
                0x0800bd70       0x28 c:/program files (x86)/gnu tools arm embedded/4.8 2013q4/bin/../lib/gcc/arm-none-eabi/4.8.3/../../../../arm-none-eabi/lib/armv7-m\libc.a(lib_a-mprec.o)
                0x0800bd70                __mprec_bigtens
 *(.eh_fram e*)

.eh_frame       0x0800bd98        0x0
 .eh_frame      0x0800bd98        0x0 c:/program files (x86)/gnu tools arm embedded/4.8 2013q4/bin/../lib/gcc/arm-none-eabi/4.8.3/armv7-m/crtbegin.o

.glue_7         0x0800bd98        0x0
 .glue_7        0x00000000        0x0 linker stubs

.glue_7t        0x0800bd98        0x0
 .glue_7t       0x00000000        0x0 linker stubs

.vfp11_veneer   0x0800bd98        0x0
 .vfp11_veneer  0x00000000        0x0 linker stubs

.v4_bx          0x0800bd98        0x0
 .v4_bx         0x00000000        0x0 linker stubs

.iplt           0x0800bd98        0x0
 .iplt          0x00000000        0x0 c:/program files (x86)/gnu tools arm embedded/4.8 2013q4/bin/../lib/gcc/arm-none-eabi/4.8.3/armv7-m/crtbegin.o

.ARM.extab
 *(.ARM.extab* .gnu.linkonce.armextab.*)
                0x0800bd98                __exidx_start = .

.ARM.exidx      0x0800bd98        0x8
 *(.ARM.exidx* .gnu.linkonce.armexidx.*)
 .ARM.exidx     0x0800bd98        0x8 c:/program files (x86)/gnu tools arm embedded/4.8 2013q4/bin/../lib/gcc/arm-none-eabi/4.8.3/armv7-m\libgcc.a(_divdi3.o)
 .ARM.exidx     0x0800bda0        0x0 c:/program files (x86)/gnu tools arm embedded/4.8 2013q4/bin/../lib/gcc/arm-none-eabi/4.8.3/armv7-m\libgcc.a(_udivdi3.o)
                                  0x8 (size before relaxing)
                0x0800bda0                __exidx_end = .
                0x0800bda0                __etext = .
                0x0800bda0                _sidata = __etext

.rel.dyn        0x0800bda0        0x0
 .rel.iplt      0x00000000        0x0 c:/program files (x86)/gnu tools arm embedded/4.8 2013q4/bin/../lib/gcc/arm-none-eabi/4.8.3/armv7-m/crtbegin.o

.data           0x20000000      0x8b8 load address 0x0800bda0
                0x20000000                __data_start__ = .
                0x20000000                _sdata = __data_start__
 *(vtable)
 *(.data*)
 .data          0x20000000       0x14 ..\obj\system_stm32f10x.o
                0x20000000                SystemCoreClock
                0x20000004                AHBPrescTable
 .data          0x20000014        0x3 ..\obj\main.o
                0x20000014                Adress
                0x20000015                SYS_terminal
                0x20000016                flag_life_block
 *fill*         0x20000017        0x1 
 .data          0x20000018       0x14 ..\obj\stm32f10x_rcc.o
 *fill*         0x2000002c        0x4 
 .data.impure_data
                0x20000030      0x428 c:/program files (x86)/gnu tools arm embedded/4.8 2013q4/bin/../lib/gcc/arm-none-eabi/4.8.3/../../../../arm-none-eabi/lib/armv7-m\libc.a(lib_a-impure.o)
 .data._impure_ptr
                0x20000458        0x4 c:/program files (x86)/gnu tools arm embedded/4.8 2013q4/bin/../lib/gcc/arm-none-eabi/4.8.3/../../../../arm-none-eabi/lib/armv7-m\libc.a(lib_a-impure.o)
                0x20000458                _impure_ptr
 .data.__ctype_ptr__
                0x2000045c        0x4 c:/program files (x86)/gnu tools arm embedded/4.8 2013q4/bin/../lib/gcc/arm-none-eabi/4.8.3/../../../../arm-none-eabi/lib/armv7-m\libc.a(lib_a-ctype_.o)
                0x2000045c                __ctype_ptr__
 .data.lconv    0x20000460       0x38 c:/program files (x86)/gnu tools arm embedded/4.8 2013q4/bin/../lib/gcc/arm-none-eabi/4.8.3/../../../../arm-none-eabi/lib/armv7-m\libc.a(lib_a-locale.o)
 .data.__malloc_av_
                0x20000498      0x408 c:/program files (x86)/gnu tools arm embedded/4.8 2013q4/bin/../lib/gcc/arm-none-eabi/4.8.3/../../../../arm-none-eabi/lib/armv7-m\libc.a(lib_a-mallocr.o)
                0x20000498                __malloc_av_
 .data.__malloc_trim_threshold
                0x200008a0        0x4 c:/program files (x86)/gnu tools arm embedded/4.8 2013q4/bin/../lib/gcc/arm-none-eabi/4.8.3/../../../../arm-none-eabi/lib/armv7-m\libc.a(lib_a-mallocr.o)
                0x200008a0                __malloc_trim_threshold
 .data.__malloc_sbrk_base
                0x200008a4        0x4 c:/program files (x86)/gnu tools arm embedded/4.8 2013q4/bin/../lib/gcc/arm-none-eabi/4.8.3/../../../../arm-none-eabi/lib/armv7-m\libc.a(lib_a-mallocr.o)
                0x200008a4                __malloc_sbrk_base
                0x200008a8                . = ALIGN (0x4)
                0x200008a8                PROVIDE (__preinit_array_start, .)
 *(.preinit_array)
                0x200008a8                PROVIDE (__preinit_array_end, .)
                0x200008a8                . = ALIGN (0x4)
                0x200008a8                PROVIDE (__init_array_start, .)
 *(SORT(.init_array.*))
 .init_array.00000
                0x200008a8        0x4 c:/program files (x86)/gnu tools arm embedded/4.8 2013q4/bin/../lib/gcc/arm-none-eabi/4.8.3/../../../../arm-none-eabi/lib/armv7-m\libc.a(lib_a-__call_atexit.o)
 *(.init_array)
 .init_array    0x200008ac        0x4 c:/program files (x86)/gnu tools arm embedded/4.8 2013q4/bin/../lib/gcc/arm-none-eabi/4.8.3/armv7-m/crtbegin.o
                0x200008b0                PROVIDE (__init_array_end, .)
                0x200008b0                . = ALIGN (0x4)
                0x200008b0                PROVIDE (__fini_array_start, .)
 *(SORT(.fini_array.*))
 *(.fini_array)
 .fini_array    0x200008b0        0x4 c:/program files (x86)/gnu tools arm embedded/4.8 2013q4/bin/../lib/gcc/arm-none-eabi/4.8.3/armv7-m/crtbegin.o
                0x200008b4                PROVIDE (__fini_array_end, .)
 *(.jcr*)
 .jcr           0x200008b4        0x0 c:/program files (x86)/gnu tools arm embedded/4.8 2013q4/bin/../lib/gcc/arm-none-eabi/4.8.3/armv7-m/crtbegin.o
 .jcr           0x200008b4        0x4 c:/program files (x86)/gnu tools arm embedded/4.8 2013q4/bin/../lib/gcc/arm-none-eabi/4.8.3/armv7-m/crtend.o
                0x200008b8                . = ALIGN (0x4)
                0x200008b8                __data_end__ = .
                0x200008b8                _edata = __data_end__

.igot.plt       0x200008b8        0x0 load address 0x0800c658
 .igot.plt      0x00000000        0x0 c:/program files (x86)/gnu tools arm embedded/4.8 2013q4/bin/../lib/gcc/arm-none-eabi/4.8.3/armv7-m/crtbegin.o

.bss            0x200008b8     0x2058 load address 0x0800c658
                0x200008b8                . = ALIGN (0x4)
                0x200008b8                __bss_start__ = .
                0x200008b8                _sbss = __bss_start__
 *(.bss*)
 .bss           0x200008b8       0x1c c:/program files (x86)/gnu tools arm embedded/4.8 2013q4/bin/../lib/gcc/arm-none-eabi/4.8.3/armv7-m/crtbegin.o
 .bss           0x200008d4       0xc4 ..\obj\main.o
                0x200008dc                flag_uart1
                0x200008dd                flag_uart2
                0x200008e0                lenght
                0x200008e4                Master_flag
                0x200008e8                index1
                0x200008ec                crc_ok
                0x200008ed                packet_ok
                0x200008ee                packet_flag
                0x200008f0                index_z
                0x200008f4                index_word
                0x200008f8                index_data_word
                0x200008fc                index_data_word2
                0x20000900                lenght_data
                0x20000904                data_flag
                0x20000905                data_flag2
                0x20000906                FLAG_lenght
                0x20000908                sch_lenght_data
                0x2000090c                FLAG_DATA
                0x2000090e                SCH_LENGHT_PACKET
                0x20000910                FLAG_CW
                0x20000914                crc_input
                0x20000918                crc_comp
                0x2000091c                SCH_7E_PAKET
                0x20000920                SCH_7E_PAKET_MAX
                0x20000924                SCH_7k_PAKET
                0x20000928                SCH_7k_PAKET_MAX
                0x2000092c                SCH_7ok_PAKET
                0x20000930                SCH_7ok_PAKET_MAX
                0x20000934                flag_pcf
                0x20000935                status_foch
                0x20000936                Sys_control_health
                0x20000938                time1
                0x2000093c                time2
                0x20000940                time_led1
                0x20000944                time_led2
                0x20000948                time
                0x2000094c                time_UPr
                0x20000950                time_Temp_DMA
                0x20000954                time_wdg
                0x20000955                flag_step
                0x20000958                TIMER_SCR
                0x2000095c                timer_INIT_FAPCH1
                0x20000960                tick_wait_LED_Zahvat
                0x20000964                flag_ADC
                0x20000968                DataConv
                0x2000096c                RUN_FLAG
                0x2000096d                RUN_FLAG_ON
                0x20000970                Lvl_f5MHz_in
                0x20000974                Lvl_3v3
                0x20000978                timer_start_init
                0x2000097a                timer_Temp
                0x2000097c                flag_lcd_init
                0x2000097e                timer_clock_watcher
                0x20000980                timer_test
                0x20000984                timeOUT_I2C
                0x20000988                I2C_delay
                0x2000098c                flag_pachka_TXT
 .bss           0x20000998        0x4 ..\obj\syscalls.o
 .bss.__malloc_max_total_mem
                0x2000099c        0x4 c:/program files (x86)/gnu tools arm embedded/4.8 2013q4/bin/../lib/gcc/arm-none-eabi/4.8.3/../../../../arm-none-eabi/lib/armv7-m\libc.a(lib_a-mallocr.o)
                0x2000099c                __malloc_max_total_mem
 .bss.__malloc_max_sbrked_mem
                0x200009a0        0x4 c:/program files (x86)/gnu tools arm embedded/4.8 2013q4/bin/../lib/gcc/arm-none-eabi/4.8.3/../../../../arm-none-eabi/lib/armv7-m\libc.a(lib_a-mallocr.o)
                0x200009a0                __malloc_max_sbrked_mem
 .bss.__malloc_top_pad
                0x200009a4        0x4 c:/program files (x86)/gnu tools arm embedded/4.8 2013q4/bin/../lib/gcc/arm-none-eabi/4.8.3/../../../../arm-none-eabi/lib/armv7-m\libc.a(lib_a-mallocr.o)
                0x200009a4                __malloc_top_pad
 .bss.__malloc_current_mallinfo
                0x200009a8       0x28 c:/program files (x86)/gnu tools arm embedded/4.8 2013q4/bin/../lib/gcc/arm-none-eabi/4.8.3/../../../../arm-none-eabi/lib/armv7-m\libc.a(lib_a-mallocr.o)
                0x200009a8                __malloc_current_mallinfo
 *(COMMON)
 COMMON         0x200009d0     0x1f3c ..\obj\main.o
                0x200009d0                DATA_Word
                0x20000a9c                srt
                0x20000b68                R26B
                0x20000b70                R12B
                0x20000b72                rx_rd_index2
                0x20000b73                state_INT11
                0x20000b74                BTN_var
                0x20000b78                R9A
                0x20000b7c                TIMER_UDP_LS_DOWN
                0x20000b80                flag_INT
                0x20000b81                event2
                0x20000b84                R7B
                0x20000b87                event1_1
                0x20000b88                R0B
                0x20000b8c                state_INT7
                0x20000b90                rx_buffer1
                0x20000c90                R24B
                0x20000c94                SysTickDelay
                0x20000c98                Lvl_1v0
                0x20000c9c                R24A
                0x20000ca0                R28A
                0x20000ca4                FLAG_FPGA_INIT
                0x20000ca5                rx_buffer_overflow1
                0x20000ca8                R0A
                0x20000cac                text_lengh
                0x20000cb0                R3B
                0x20000cb4                rx_counter2
                0x20000cb8                time_uart
                0x20000cbc                USART2_InitStructure
                0x20000ccc                state_INT14
                0x20000cd0                Word
                0x20000cf4                R13B
                0x20000cf8                CEV_actual
                0x20000cfc                Lvl_1v5
                0x20000d00                text_buffer
                0x20001d00                state_INT12
                0x20001d04                R14B
                0x20001d05                state_INT6
                0x20001d08                R3A
                0x20001d0c                R11A
                0x20001d10                USART1_InitStructure
                0x20001d20                rx_wr_index2
                0x20001d24                TNC_actual
                0x20001d28                R31B
                0x20001d2c                Lvl_1v0_MGTVCC
                0x20001d30                ADC_init_struct
                0x20001d44                event1
                0x20001d48                R8A
                0x20001d4c                lsr_razmer
                0x20001d50                R30A
                0x20001d54                FLAG_START
                0x20001d58                B_stz
                0x20001db0                R5B
                0x20001db4                SYNC_T0Tnc
                0x20001db8                RX_BUF
                0x20001e80                R29A
                0x20001e84                FLAG_FPGA_DONE
                0x20001e88                text_buffer_TCP
                0x20001f34                RF_5MHz
                0x20001f38                TX_BUF
                0x20002000                rx_rd_index1
                0x20002004                FLAG_TOBM
                0x20002008                state_INT9
                0x2000200c                Lvl_VTTREF
                0x20002010                R7A
                0x20002014                rx_buffer2
                0x20002114                RX_resive_MAX
                0x20002118                R6B
                0x2000211c                R6A
                0x20002120                DBm
                0x20002648                INT_var
                0x2000264c                DATA_Word2
                0x20002718                Lvl_1v2_MGTVCC
                0x2000271c                R16A
                0x2000271d                rx_counter1
                0x20002720                R5A
                0x20002724                InOut
                0x200027f0                R28B
                0x200027f4                R16B
                0x200027f8                Lvl_VTTDDR
                0x200027fc                Lvl_3V3
                0x20002800                Temp_stm32
                0x20002804                R1A
                0x20002808                state_INT10
                0x2000280c                led_tick
                0x20002810                R26A
                0x20002818                START_packet
                0x2000281c                TNO_actual
                0x20002820                R30B
                0x20002824                R2A
                0x20002828                R4A
                0x2000282c                R11B
                0x20002830                GPIO_InitStructure
                0x20002834                R12A
                0x20002836                rx_buffer_overflow2
                0x20002837                FLAG_B_LOCK_DETECT
                0x20002838                FLAG_A_LOCK_DETECT
                0x2000283a                text_lengh_TCP
                0x2000283c                R10B
                0x2000283f                rx_wr_index1
                0x20002840                state_INT8
                0x20002841                state_INT13
                0x20002844                Lvl_1v8
                0x20002848                devices
                0x2000284c                R29B
                0x20002850                event2_1
                0x20002854                U_stm32
                0x20002858                BTN_temp
                0x2000285c                R1B
                0x20002860                R9B
                0x20002861                flag_RX_UDP
                0x20002864                R10A
                0x20002867                time_Temp_convert
                0x20002868                state_INT15
                0x20002869                flag_Temp_convert
                0x2000286c                Lvl_2v5
                0x20002870                EXTI_InitStructure
                0x20002878                R31A
                0x2000287c                R8B
                0x20002880                R2B
                0x20002884                R13A
                0x20002888                A_stz
                0x200028e0                strng
                0x20002900                sch_packet_UDP_reciv
                0x20002904                R14A
                0x20002905                state_INT5
                0x20002908                R4B
 COMMON         0x2000290c        0x4 c:/program files (x86)/gnu tools arm embedded/4.8 2013q4/bin/../lib/gcc/arm-none-eabi/4.8.3/../../../../arm-none-eabi/lib/armv7-m\libc.a(lib_a-reent.o)
                0x2000290c                errno
                0x20002910                . = ALIGN (0x4)
                0x20002910                __bss_end__ = .
                0x20002910                _ebss = __bss_end__

.heap           0x20002910        0x0
                0x20002910                __end__ = .
                0x20002910                _end = __end__
                0x20002910                end = __end__
 *(.heap*)
                0x20002910                __HeapLimit = .

.co_stack       0x20002910     0x1400 load address 0x0800e6b0
                0x20002910                . = ALIGN (0x8)
 *(.co_stack .co_stack.*)
 .co_stack      0x20002910     0x1400 ..\obj\startup_stm32f10x_md.o
                0x20002910                pulStack
                0x20005000                __StackTop = (ORIGIN (ram) + 0x5000)
                0x20003c00                __StackLimit = (__StackTop - SIZEOF (.co_stack))
                0x20005000                PROVIDE (__stack, __StackTop)
                0x00000001                ASSERT ((__StackLimit >= __HeapLimit), region ram  overflowed with stack)
LOAD ..\obj\stm32f10x_tim.o
LOAD ..\obj\system_stm32f10x.o
LOAD ..\obj\startup_stm32f10x_md.o
LOAD ..\obj\stm32f10x_gpio.o
LOAD ..\obj\main.o
LOAD ..\obj\stm32f10x_rcc.o
LOAD ..\obj\stm32f10x_exti.o
LOAD ..\obj\stm32f10x_adc.o
LOAD ..\obj\stm32f10x_usart.o
LOAD ..\obj\onewire.o
LOAD ..\obj\syscalls.o
LOAD ..\obj\stm32f10x_dma.o
LOAD ..\obj\stm32f10x_spi.o
LOAD ..\obj\stm32f10x_i2c.o
LOAD c:/program files (x86)/gnu tools arm embedded/4.8 2013q4/bin/../lib/gcc/arm-none-eabi/4.8.3/../../../../arm-none-eabi/lib/armv7-m\libm.a
LOAD c:/program files (x86)/gnu tools arm embedded/4.8 2013q4/bin/../lib/gcc/arm-none-eabi/4.8.3/armv7-m\libgcc.a
LOAD c:/program files (x86)/gnu tools arm embedded/4.8 2013q4/bin/../lib/gcc/arm-none-eabi/4.8.3/../../../../arm-none-eabi/lib/armv7-m\libc.a
LOAD c:/program files (x86)/gnu tools arm embedded/4.8 2013q4/bin/../lib/gcc/arm-none-eabi/4.8.3/../../../../arm-none-eabi/lib/armv7-m\libstdc++.a
START GROUP
LOAD c:/program files (x86)/gnu tools arm embedded/4.8 2013q4/bin/../lib/gcc/arm-none-eabi/4.8.3/armv7-m\libgcc.a
LOAD c:/program files (x86)/gnu tools arm embedded/4.8 2013q4/bin/../lib/gcc/arm-none-eabi/4.8.3/../../../../arm-none-eabi/lib/armv7-m\libg.a
LOAD c:/program files (x86)/gnu tools arm embedded/4.8 2013q4/bin/../lib/gcc/arm-none-eabi/4.8.3/../../../../arm-none-eabi/lib/armv7-m\libc.a
END GROUP
LOAD c:/program files (x86)/gnu tools arm embedded/4.8 2013q4/bin/../lib/gcc/arm-none-eabi/4.8.3/armv7-m/crtend.o
LOAD c:/program files (x86)/gnu tools arm embedded/4.8 2013q4/bin/../lib/gcc/arm-none-eabi/4.8.3/armv7-m/crtn.o
OUTPUT(pj1.elf elf32-littlearm)

.ARM.attributes
                0x00000000       0x29
 .ARM.attributes
                0x00000000       0x1d c:/program files (x86)/gnu tools arm embedded/4.8 2013q4/bin/../lib/gcc/arm-none-eabi/4.8.3/armv7-m/crti.o
 .ARM.attributes
                0x0000001d       0x2d c:/program files (x86)/gnu tools arm embedded/4.8 2013q4/bin/../lib/gcc/arm-none-eabi/4.8.3/armv7-m/crtbegin.o
 .ARM.attributes
                0x0000004a       0x33 ..\obj\system_stm32f10x.o
 .ARM.attributes
                0x0000007d       0x33 ..\obj\startup_stm32f10x_md.o
 .ARM.attributes
                0x000000b0       0x33 ..\obj\stm32f10x_gpio.o
 .ARM.attributes
                0x000000e3       0x33 ..\obj\main.o
 .ARM.attributes
                0x00000116       0x33 ..\obj\stm32f10x_rcc.o
 .ARM.attributes
                0x00000149       0x33 ..\obj\stm32f10x_exti.o
 .ARM.attributes
                0x0000017c       0x33 ..\obj\stm32f10x_adc.o
 .ARM.attributes
                0x000001af       0x33 ..\obj\stm32f10x_usart.o
 .ARM.attributes
                0x000001e2       0x33 ..\obj\syscalls.o
 .ARM.attributes
                0x00000215       0x33 ..\obj\stm32f10x_dma.o
 .ARM.attributes
                0x00000248       0x33 ..\obj\stm32f10x_spi.o
 .ARM.attributes
                0x0000027b       0x33 ..\obj\stm32f10x_i2c.o
 .ARM.attributes
                0x000002ae       0x1d c:/program files (x86)/gnu tools arm embedded/4.8 2013q4/bin/../lib/gcc/arm-none-eabi/4.8.3/armv7-m\libgcc.a(_arm_addsubdf3.o)
 .ARM.attributes
                0x000002cb       0x1d c:/program files (x86)/gnu tools arm embedded/4.8 2013q4/bin/../lib/gcc/arm-none-eabi/4.8.3/armv7-m\libgcc.a(_arm_muldivdf3.o)
 .ARM.attributes
                0x000002e8       0x1d c:/program files (x86)/gnu tools arm embedded/4.8 2013q4/bin/../lib/gcc/arm-none-eabi/4.8.3/armv7-m\libgcc.a(_arm_cmpdf2.o)
 .ARM.attributes
                0x00000305       0x1d c:/program files (x86)/gnu tools arm embedded/4.8 2013q4/bin/../lib/gcc/arm-none-eabi/4.8.3/armv7-m\libgcc.a(_arm_fixdfsi.o)
 .ARM.attributes
                0x00000322       0x1d c:/program files (x86)/gnu tools arm embedded/4.8 2013q4/bin/../lib/gcc/arm-none-eabi/4.8.3/armv7-m\libgcc.a(_arm_truncdfsf2.o)
 .ARM.attributes
                0x0000033f       0x1d c:/program files (x86)/gnu tools arm embedded/4.8 2013q4/bin/../lib/gcc/arm-none-eabi/4.8.3/armv7-m\libgcc.a(_arm_addsubsf3.o)
 .ARM.attributes
                0x0000035c       0x1d c:/program files (x86)/gnu tools arm embedded/4.8 2013q4/bin/../lib/gcc/arm-none-eabi/4.8.3/armv7-m\libgcc.a(_arm_muldivsf3.o)
 .ARM.attributes
                0x00000379       0x1d c:/program files (x86)/gnu tools arm embedded/4.8 2013q4/bin/../lib/gcc/arm-none-eabi/4.8.3/armv7-m\libgcc.a(_arm_cmpsf2.o)
 .ARM.attributes
                0x00000396       0x2d c:/program files (x86)/gnu tools arm embedded/4.8 2013q4/bin/../lib/gcc/arm-none-eabi/4.8.3/../../../../arm-none-eabi/lib/armv7-m\libc.a(lib_a-atoi.o)
 .ARM.attributes
                0x000003c3       0x2d c:/program files (x86)/gnu tools arm embedded/4.8 2013q4/bin/../lib/gcc/arm-none-eabi/4.8.3/../../../../arm-none-eabi/lib/armv7-m\libc.a(lib_a-impure.o)
 .ARM.attributes
                0x000003f0       0x2d c:/program files (x86)/gnu tools arm embedded/4.8 2013q4/bin/../lib/gcc/arm-none-eabi/4.8.3/../../../../arm-none-eabi/lib/armv7-m\libc.a(lib_a-memset.o)
 .ARM.attributes
                0x0000041d       0x2d c:/program files (x86)/gnu tools arm embedded/4.8 2013q4/bin/../lib/gcc/arm-none-eabi/4.8.3/../../../../arm-none-eabi/lib/armv7-m\libc.a(lib_a-sprintf.o)
 .ARM.attributes
                0x0000044a       0x1b c:/program files (x86)/gnu tools arm embedded/4.8 2013q4/bin/../lib/gcc/arm-none-eabi/4.8.3/../../../../arm-none-eabi/lib/armv7-m\libc.a(lib_a-strcmp.o)
 .ARM.attributes
                0x00000465       0x2d c:/program files (x86)/gnu tools arm embedded/4.8 2013q4/bin/../lib/gcc/arm-none-eabi/4.8.3/../../../../arm-none-eabi/lib/armv7-m\libc.a(lib_a-strlen.o)
 .ARM.attributes
                0x00000492       0x2d c:/program files (x86)/gnu tools arm embedded/4.8 2013q4/bin/../lib/gcc/arm-none-eabi/4.8.3/../../../../arm-none-eabi/lib/armv7-m\libc.a(lib_a-strtol.o)
 .ARM.attributes
                0x000004bf       0x2d c:/program files (x86)/gnu tools arm embedded/4.8 2013q4/bin/../lib/gcc/arm-none-eabi/4.8.3/../../../../arm-none-eabi/lib/armv7-m\libc.a(lib_a-svfprintf.o)
 .ARM.attributes
                0x000004ec       0x2d c:/program files (x86)/gnu tools arm embedded/4.8 2013q4/bin/../lib/gcc/arm-none-eabi/4.8.3/../../../../arm-none-eabi/lib/armv7-m\libc.a(lib_a-__call_atexit.o)
 .ARM.attributes
                0x00000519       0x2d c:/program files (x86)/gnu tools arm embedded/4.8 2013q4/bin/../lib/gcc/arm-none-eabi/4.8.3/../../../../arm-none-eabi/lib/armv7-m\libc.a(lib_a-atexit.o)
 .ARM.attributes
                0x00000546       0x2d c:/program files (x86)/gnu tools arm embedded/4.8 2013q4/bin/../lib/gcc/arm-none-eabi/4.8.3/../../../../arm-none-eabi/lib/armv7-m\libc.a(lib_a-ctype_.o)
 .ARM.attributes
                0x00000573       0x2d c:/program files (x86)/gnu tools arm embedded/4.8 2013q4/bin/../lib/gcc/arm-none-eabi/4.8.3/../../../../arm-none-eabi/lib/armv7-m\libc.a(lib_a-dtoa.o)
 .ARM.attributes
                0x000005a0       0x2d c:/program files (x86)/gnu tools arm embedded/4.8 2013q4/bin/../lib/gcc/arm-none-eabi/4.8.3/../../../../arm-none-eabi/lib/armv7-m\libc.a(lib_a-fini.o)
 .ARM.attributes
                0x000005cd       0x2d c:/program files (x86)/gnu tools arm embedded/4.8 2013q4/bin/../lib/gcc/arm-none-eabi/4.8.3/../../../../arm-none-eabi/lib/armv7-m\libc.a(lib_a-locale.o)
 .ARM.attributes
                0x000005fa       0x2d c:/program files (x86)/gnu tools arm embedded/4.8 2013q4/bin/../lib/gcc/arm-none-eabi/4.8.3/../../../../arm-none-eabi/lib/armv7-m\libc.a(lib_a-mallocr.o)
 .ARM.attributes
                0x00000627       0x2d c:/program files (x86)/gnu tools arm embedded/4.8 2013q4/bin/../lib/gcc/arm-none-eabi/4.8.3/../../../../arm-none-eabi/lib/armv7-m\libc.a(lib_a-memchr-stub.o)
 .ARM.attributes
                0x00000654       0x1b c:/program files (x86)/gnu tools arm embedded/4.8 2013q4/bin/../lib/gcc/arm-none-eabi/4.8.3/../../../../arm-none-eabi/lib/armv7-m\libc.a(lib_a-memcpy.o)
 .ARM.attributes
                0x0000066f       0x2d c:/program files (x86)/gnu tools arm embedded/4.8 2013q4/bin/../lib/gcc/arm-none-eabi/4.8.3/../../../../arm-none-eabi/lib/armv7-m\libc.a(lib_a-mlock.o)
 .ARM.attributes
                0x0000069c       0x2d c:/program files (x86)/gnu tools arm embedded/4.8 2013q4/bin/../lib/gcc/arm-none-eabi/4.8.3/../../../../arm-none-eabi/lib/armv7-m\libc.a(lib_a-mprec.o)
 .ARM.attributes
                0x000006c9       0x2d c:/program files (x86)/gnu tools arm embedded/4.8 2013q4/bin/../lib/gcc/arm-none-eabi/4.8.3/../../../../arm-none-eabi/lib/armv7-m\libc.a(lib_a-s_fpclassify.o)
 .ARM.attributes
                0x000006f6       0x2d c:/program files (x86)/gnu tools arm embedded/4.8 2013q4/bin/../lib/gcc/arm-none-eabi/4.8.3/../../../../arm-none-eabi/lib/armv7-m\libc.a(lib_a-sbrkr.o)
 .ARM.attributes
                0x00000723       0x2d c:/program files (x86)/gnu tools arm embedded/4.8 2013q4/bin/../lib/gcc/arm-none-eabi/4.8.3/../../../../arm-none-eabi/lib/armv7-m\libc.a(lib_a-svfiprintf.o)
 .ARM.attributes
                0x00000750       0x2d c:/program files (x86)/gnu tools arm embedded/4.8 2013q4/bin/../lib/gcc/arm-none-eabi/4.8.3/../../../../arm-none-eabi/lib/armv7-m\libc.a(lib_a-__atexit.o)
 .ARM.attributes
                0x0000077d       0x2d c:/program files (x86)/gnu tools arm embedded/4.8 2013q4/bin/../lib/gcc/arm-none-eabi/4.8.3/../../../../arm-none-eabi/lib/armv7-m\libc.a(lib_a-callocr.o)
 .ARM.attributes
                0x000007aa       0x2d c:/program files (x86)/gnu tools arm embedded/4.8 2013q4/bin/../lib/gcc/arm-none-eabi/4.8.3/../../../../arm-none-eabi/lib/armv7-m\libc.a(lib_a-freer.o)
 .ARM.attributes
                0x000007d7       0x2d c:/program files (x86)/gnu tools arm embedded/4.8 2013q4/bin/../lib/gcc/arm-none-eabi/4.8.3/../../../../arm-none-eabi/lib/armv7-m\libc.a(lib_a-memmove.o)
 .ARM.attributes
                0x00000804       0x2d c:/program files (x86)/gnu tools arm embedded/4.8 2013q4/bin/../lib/gcc/arm-none-eabi/4.8.3/../../../../arm-none-eabi/lib/armv7-m\libc.a(lib_a-reallocr.o)
 .ARM.attributes
                0x00000831       0x2d c:/program files (x86)/gnu tools arm embedded/4.8 2013q4/bin/../lib/gcc/arm-none-eabi/4.8.3/../../../../arm-none-eabi/lib/armv7-m\libc.a(lib_a-reent.o)
 .ARM.attributes
                0x0000085e       0x1d c:/program files (x86)/gnu tools arm embedded/4.8 2013q4/bin/../lib/gcc/arm-none-eabi/4.8.3/armv7-m\libgcc.a(_aeabi_uldivmod.o)
 .ARM.attributes
                0x0000087b       0x2d c:/program files (x86)/gnu tools arm embedded/4.8 2013q4/bin/../lib/gcc/arm-none-eabi/4.8.3/armv7-m\libgcc.a(bpabi.o)
 .ARM.attributes
                0x000008a8       0x1d c:/program files (x86)/gnu tools arm embedded/4.8 2013q4/bin/../lib/gcc/arm-none-eabi/4.8.3/armv7-m\libgcc.a(_dvmd_tls.o)
 .ARM.attributes
                0x000008c5       0x2d c:/program files (x86)/gnu tools arm embedded/4.8 2013q4/bin/../lib/gcc/arm-none-eabi/4.8.3/armv7-m\libgcc.a(_divdi3.o)
 .ARM.attributes
                0x000008f2       0x2d c:/program files (x86)/gnu tools arm embedded/4.8 2013q4/bin/../lib/gcc/arm-none-eabi/4.8.3/armv7-m\libgcc.a(_udivdi3.o)
 .ARM.attributes
                0x0000091f       0x2d c:/program files (x86)/gnu tools arm embedded/4.8 2013q4/bin/../lib/gcc/arm-none-eabi/4.8.3/armv7-m/crtend.o
 .ARM.attributes
                0x0000094c       0x1d c:/program files (x86)/gnu tools arm embedded/4.8 2013q4/bin/../lib/gcc/arm-none-eabi/4.8.3/armv7-m/crtn.o

.comment        0x00000000       0x70
 .comment       0x00000000       0x70 ..\obj\system_stm32f10x.o
                                 0x71 (size before relaxing)
 .comment       0x00000000       0x71 ..\obj\startup_stm32f10x_md.o
 .comment       0x00000000       0x71 ..\obj\stm32f10x_gpio.o
 .comment       0x00000000       0x71 ..\obj\main.o
 .comment       0x00000000       0x71 ..\obj\stm32f10x_rcc.o
 .comment       0x00000000       0x71 ..\obj\stm32f10x_exti.o
 .comment       0x00000000       0x71 ..\obj\stm32f10x_adc.o
 .comment       0x00000000       0x71 ..\obj\stm32f10x_usart.o
 .comment       0x00000000       0x71 ..\obj\syscalls.o
 .comment       0x00000000       0x71 ..\obj\stm32f10x_dma.o
 .comment       0x00000000       0x71 ..\obj\stm32f10x_spi.o
 .comment       0x00000000       0x71 ..\obj\stm32f10x_i2c.o

.debug_info     0x00000000     0x7be6
 .debug_info    0x00000000      0x44d ..\obj\system_stm32f10x.o
 .debug_info    0x0000044d       0xea ..\obj\startup_stm32f10x_md.o
 .debug_info    0x00000537      0x6bb ..\obj\stm32f10x_gpio.o
 .debug_info    0x00000bf2     0x3389 ..\obj\main.o
 .debug_info    0x00003f7b      0x861 ..\obj\stm32f10x_rcc.o
 .debug_info    0x000047dc      0x32b ..\obj\stm32f10x_exti.o
 .debug_info    0x00004b07      0xb48 ..\obj\stm32f10x_adc.o
 .debug_info    0x0000564f      0x9bc ..\obj\stm32f10x_usart.o
 .debug_info    0x0000600b      0x3ee ..\obj\syscalls.o
 .debug_info    0x000063f9      0x452 ..\obj\stm32f10x_dma.o
 .debug_info    0x0000684b      0x8c7 ..\obj\stm32f10x_spi.o
 .debug_info    0x00007112      0xad4 ..\obj\stm32f10x_i2c.o

.debug_abbrev   0x00000000     0x129e
 .debug_abbrev  0x00000000      0x14c ..\obj\system_stm32f10x.o
 .debug_abbrev  0x0000014c       0xb0 ..\obj\startup_stm32f10x_md.o
 .debug_abbrev  0x000001fc      0x1c8 ..\obj\stm32f10x_gpio.o
 .debug_abbrev  0x000003c4      0x3bc ..\obj\main.o
 .debug_abbrev  0x00000780      0x1ba ..\obj\stm32f10x_rcc.o
 .debug_abbrev  0x0000093a      0x151 ..\obj\stm32f10x_exti.o
 .debug_abbrev  0x00000a8b      0x198 ..\obj\stm32f10x_adc.o
 .debug_abbrev  0x00000c23      0x162 ..\obj\stm32f10x_usart.o
 .debug_abbrev  0x00000d85       0xe2 ..\obj\syscalls.o
 .debug_abbrev  0x00000e67      0x155 ..\obj\stm32f10x_dma.o
 .debug_abbrev  0x00000fbc      0x17e ..\obj\stm32f10x_spi.o
 .debug_abbrev  0x0000113a      0x164 ..\obj\stm32f10x_i2c.o

.debug_aranges  0x00000000      0xa68
 .debug_aranges
                0x00000000       0x38 ..\obj\system_stm32f10x.o
 .debug_aranges
                0x00000038       0x28 ..\obj\startup_stm32f10x_md.o
 .debug_aranges
                0x00000060       0xa8 ..\obj\stm32f10x_gpio.o
 .debug_aranges
                0x00000108      0x2f8 ..\obj\main.o
 .debug_aranges
                0x00000400      0x118 ..\obj\stm32f10x_rcc.o
 .debug_aranges
                0x00000518       0x58 ..\obj\stm32f10x_exti.o
 .debug_aranges
                0x00000570      0x138 ..\obj\stm32f10x_adc.o
 .debug_aranges
                0x000006a8      0x100 ..\obj\stm32f10x_usart.o
 .debug_aranges
                0x000007a8       0x60 ..\obj\syscalls.o
 .debug_aranges
                0x00000808       0x70 ..\obj\stm32f10x_dma.o
 .debug_aranges
                0x00000878       0xd0 ..\obj\stm32f10x_spi.o
 .debug_aranges
                0x00000948      0x120 ..\obj\stm32f10x_i2c.o

.debug_ranges   0x00000000      0x9a8
 .debug_ranges  0x00000000       0x28 ..\obj\system_stm32f10x.o
 .debug_ranges  0x00000028       0x18 ..\obj\startup_stm32f10x_md.o
 .debug_ranges  0x00000040       0x98 ..\obj\stm32f10x_gpio.o
 .debug_ranges  0x000000d8      0x2e8 ..\obj\main.o
 .debug_ranges  0x000003c0      0x108 ..\obj\stm32f10x_rcc.o
 .debug_ranges  0x000004c8       0x48 ..\obj\stm32f10x_exti.o
 .debug_ranges  0x00000510      0x128 ..\obj\stm32f10x_adc.o
 .debug_ranges  0x00000638       0xf0 ..\obj\stm32f10x_usart.o
 .debug_ranges  0x00000728       0x50 ..\obj\syscalls.o
 .debug_ranges  0x00000778       0x60 ..\obj\stm32f10x_dma.o
 .debug_ranges  0x000007d8       0xc0 ..\obj\stm32f10x_spi.o
 .debug_ranges  0x00000898      0x110 ..\obj\stm32f10x_i2c.o

.debug_line     0x00000000     0x35c7
 .debug_line    0x00000000      0x1a1 ..\obj\system_stm32f10x.o
 .debug_line    0x000001a1       0xa0 ..\obj\startup_stm32f10x_md.o
 .debug_line    0x00000241      0x334 ..\obj\stm32f10x_gpio.o
 .debug_line    0x00000575     0x1526 ..\obj\main.o
 .debug_line    0x00001a9b      0x442 ..\obj\stm32f10x_rcc.o
 .debug_line    0x00001edd      0x22a ..\obj\stm32f10x_exti.o
 .debug_line    0x00002107      0x4a7 ..\obj\stm32f10x_adc.o
 .debug_line    0x000025ae      0x41f ..\obj\stm32f10x_usart.o
 .debug_line    0x000029cd      0x16e ..\obj\syscalls.o
 .debug_line    0x00002b3b      0x289 ..\obj\stm32f10x_dma.o
 .debug_line    0x00002dc4      0x3a7 ..\obj\stm32f10x_spi.o
 .debug_line    0x0000316b      0x45c ..\obj\stm32f10x_i2c.o

.debug_str      0x00000000     0x31f9
 .debug_str     0x00000000      0x271 ..\obj\system_stm32f10x.o
                                0x2cb (size before relaxing)
 .debug_str     0x00000271       0xae ..\obj\startup_stm32f10x_md.o
                                0x145 (size before relaxing)
 .debug_str     0x0000031f      0x3b3 ..\obj\stm32f10x_gpio.o
                                0x4f5 (size before relaxing)
 .debug_str     0x000006d2     0x15cb ..\obj\main.o
                               0x1949 (size before relaxing)
 .debug_str     0x00001c9d      0x3e6 ..\obj\stm32f10x_rcc.o
                                0x5f6 (size before relaxing)
 .debug_str     0x00002083      0x103 ..\obj\stm32f10x_exti.o
                                0x33a (size before relaxing)
 .debug_str     0x00002186      0x45d ..\obj\stm32f10x_adc.o
                                0x6d7 (size before relaxing)
 .debug_str     0x000025e3      0x3a0 ..\obj\stm32f10x_usart.o
                                0x66c (size before relaxing)
 .debug_str     0x00002983      0x151 ..\obj\syscalls.o
                                0x2c4 (size before relaxing)
 .debug_str     0x00002ad4      0x13d ..\obj\stm32f10x_dma.o
                                0x39d (size before relaxing)
 .debug_str     0x00002c11      0x2b6 ..\obj\stm32f10x_spi.o
                                0x5d9 (size before relaxing)
 .debug_str     0x00002ec7      0x332 ..\obj\stm32f10x_i2c.o
                                0x642 (size before relaxing)

.debug_frame    0x00000000     0x2aa8
 .debug_frame   0x00000000       0x80 ..\obj\system_stm32f10x.o
 .debug_frame   0x00000080       0x48 ..\obj\startup_stm32f10x_md.o
 .debug_frame   0x000000c8      0x210 ..\obj\stm32f10x_gpio.o
 .debug_frame   0x000002d8      0xaf8 ..\obj\main.o
 .debug_frame   0x00000dd0      0x388 ..\obj\stm32f10x_rcc.o
 .debug_frame   0x00001158       0xec ..\obj\stm32f10x_exti.o
 .debug_frame   0x00001244      0x400 ..\obj\stm32f10x_adc.o
 .debug_frame   0x00001644      0x344 ..\obj\stm32f10x_usart.o
 .debug_frame   0x00001988      0x108 ..\obj\syscalls.o
 .debug_frame   0x00001a90      0x144 ..\obj\stm32f10x_dma.o
 .debug_frame   0x00001bd4      0x29c ..\obj\stm32f10x_spi.o
 .debug_frame   0x00001e70      0x3b4 ..\obj\stm32f10x_i2c.o
 .debug_frame   0x00002224       0x30 c:/program files (x86)/gnu tools arm embedded/4.8 2013q4/bin/../lib/gcc/arm-none-eabi/4.8.3/../../../../arm-none-eabi/lib/armv7-m\libc.a(lib_a-atoi.o)
 .debug_frame   0x00002254       0x2c c:/program files (x86)/gnu tools arm embedded/4.8 2013q4/bin/../lib/gcc/arm-none-eabi/4.8.3/../../../../arm-none-eabi/lib/armv7-m\libc.a(lib_a-memset.o)
 .debug_frame   0x00002280       0x64 c:/program files (x86)/gnu tools arm embedded/4.8 2013q4/bin/../lib/gcc/arm-none-eabi/4.8.3/../../../../arm-none-eabi/lib/armv7-m\libc.a(lib_a-sprintf.o)
 .debug_frame   0x000022e4       0x20 c:/program files (x86)/gnu tools arm embedded/4.8 2013q4/bin/../lib/gcc/arm-none-eabi/4.8.3/../../../../arm-none-eabi/lib/armv7-m\libc.a(lib_a-strlen.o)
 .debug_frame   0x00002304       0x50 c:/program files (x86)/gnu tools arm embedded/4.8 2013q4/bin/../lib/gcc/arm-none-eabi/4.8.3/../../../../arm-none-eabi/lib/armv7-m\libc.a(lib_a-strtol.o)
 .debug_frame   0x00002354       0x3c c:/program files (x86)/gnu tools arm embedded/4.8 2013q4/bin/../lib/gcc/arm-none-eabi/4.8.3/../../../../arm-none-eabi/lib/armv7-m\libc.a(lib_a-svfprintf.o)
 .debug_frame   0x00002390       0x48 c:/program files (x86)/gnu tools arm embedded/4.8 2013q4/bin/../lib/gcc/arm-none-eabi/4.8.3/../../../../arm-none-eabi/lib/armv7-m\libc.a(lib_a-__call_atexit.o)
 .debug_frame   0x000023d8       0x20 c:/program files (x86)/gnu tools arm embedded/4.8 2013q4/bin/../lib/gcc/arm-none-eabi/4.8.3/../../../../arm-none-eabi/lib/armv7-m\libc.a(lib_a-atexit.o)
 .debug_frame   0x000023f8       0x64 c:/program files (x86)/gnu tools arm embedded/4.8 2013q4/bin/../lib/gcc/arm-none-eabi/4.8.3/../../../../arm-none-eabi/lib/armv7-m\libc.a(lib_a-dtoa.o)
 .debug_frame   0x0000245c       0x2c c:/program files (x86)/gnu tools arm embedded/4.8 2013q4/bin/../lib/gcc/arm-none-eabi/4.8.3/../../../../arm-none-eabi/lib/armv7-m\libc.a(lib_a-fini.o)
 .debug_frame   0x00002488       0x98 c:/program files (x86)/gnu tools arm embedded/4.8 2013q4/bin/../lib/gcc/arm-none-eabi/4.8.3/../../../../arm-none-eabi/lib/armv7-m\libc.a(lib_a-locale.o)
 .debug_frame   0x00002520       0x38 c:/program files (x86)/gnu tools arm embedded/4.8 2013q4/bin/../lib/gcc/arm-none-eabi/4.8.3/../../../../arm-none-eabi/lib/armv7-m\libc.a(lib_a-mallocr.o)
 .debug_frame   0x00002558       0x2c c:/program files (x86)/gnu tools arm embedded/4.8 2013q4/bin/../lib/gcc/arm-none-eabi/4.8.3/../../../../arm-none-eabi/lib/armv7-m\libc.a(lib_a-memchr-stub.o)
 .debug_frame   0x00002584       0x30 c:/program files (x86)/gnu tools arm embedded/4.8 2013q4/bin/../lib/gcc/arm-none-eabi/4.8.3/../../../../arm-none-eabi/lib/armv7-m\libc.a(lib_a-mlock.o)
 .debug_frame   0x000025b4      0x228 c:/program files (x86)/gnu tools arm embedded/4.8 2013q4/bin/../lib/gcc/arm-none-eabi/4.8.3/../../../../arm-none-eabi/lib/armv7-m\libc.a(lib_a-mprec.o)
 .debug_frame   0x000027dc       0x28 c:/program files (x86)/gnu tools arm embedded/4.8 2013q4/bin/../lib/gcc/arm-none-eabi/4.8.3/../../../../arm-none-eabi/lib/armv7-m\libc.a(lib_a-s_fpclassify.o)
 .debug_frame   0x00002804       0x2c c:/program files (x86)/gnu tools arm embedded/4.8 2013q4/bin/../lib/gcc/arm-none-eabi/4.8.3/../../../../arm-none-eabi/lib/armv7-m\libc.a(lib_a-sbrkr.o)
 .debug_frame   0x00002830       0x64 c:/program files (x86)/gnu tools arm embedded/4.8 2013q4/bin/../lib/gcc/arm-none-eabi/4.8.3/../../../../arm-none-eabi/lib/armv7-m\libc.a(lib_a-svfiprintf.o)
 .debug_frame   0x00002894       0x30 c:/program files (x86)/gnu tools arm embedded/4.8 2013q4/bin/../lib/gcc/arm-none-eabi/4.8.3/../../../../arm-none-eabi/lib/armv7-m\libc.a(lib_a-__atexit.o)
 .debug_frame   0x000028c4       0x28 c:/program files (x86)/gnu tools arm embedded/4.8 2013q4/bin/../lib/gcc/arm-none-eabi/4.8.3/../../../../arm-none-eabi/lib/armv7-m\libc.a(lib_a-callocr.o)
 .debug_frame   0x000028ec       0x50 c:/program files (x86)/gnu tools arm embedded/4.8 2013q4/bin/../lib/gcc/arm-none-eabi/4.8.3/../../../../arm-none-eabi/lib/armv7-m\libc.a(lib_a-freer.o)
 .debug_frame   0x0000293c       0x2c c:/program files (x86)/gnu tools arm embedded/4.8 2013q4/bin/../lib/gcc/arm-none-eabi/4.8.3/../../../../arm-none-eabi/lib/armv7-m\libc.a(lib_a-memmove.o)
 .debug_frame   0x00002968       0x38 c:/program files (x86)/gnu tools arm embedded/4.8 2013q4/bin/../lib/gcc/arm-none-eabi/4.8.3/../../../../arm-none-eabi/lib/armv7-m\libc.a(lib_a-reallocr.o)
 .debug_frame   0x000029a0       0x48 c:/program files (x86)/gnu tools arm embedded/4.8 2013q4/bin/../lib/gcc/arm-none-eabi/4.8.3/../../../../arm-none-eabi/lib/armv7-m\libc.a(lib_a-reent.o)
 .debug_frame   0x000029e8       0x58 c:/program files (x86)/gnu tools arm embedded/4.8 2013q4/bin/../lib/gcc/arm-none-eabi/4.8.3/armv7-m\libgcc.a(bpabi.o)
 .debug_frame   0x00002a40       0x34 c:/program files (x86)/gnu tools arm embedded/4.8 2013q4/bin/../lib/gcc/arm-none-eabi/4.8.3/armv7-m\libgcc.a(_divdi3.o)
 .debug_frame   0x00002a74       0x34 c:/program files (x86)/gnu tools arm embedded/4.8 2013q4/bin/../lib/gcc/arm-none-eabi/4.8.3/armv7-m\libgcc.a(_udivdi3.o)
